// Jest Snapshot v1, https://goo.gl/fbAQLP

exports[`renders homepage unchanged 1`] = `
<div>
  <div
    class="main"
  >
    <h1>
      Home
    </h1>
    <a
      href="/signup"
    >
      Signup
    </a>
  </div>
</div>
`;
